============================= test session starts =============================
platform win32 -- Python 3.11.14, pytest-9.0.2, pluggy-1.6.0 -- C:\Users\ljega\anaconda3\envs\permian-econ\python.exe
cachedir: .pytest_cache
rootdir: C:\Users\ljega\Downloads\GitHub\Permian Well Economics Engine
collecting ... collected 28 items

tests/test_decline_curves.py::TestRateFunctions::test_exponential_at_t_zero_equals_qi PASSED [  3%]
tests/test_decline_curves.py::TestRateFunctions::test_hyperbolic_at_t_zero_equals_qi PASSED [  7%]
tests/test_decline_curves.py::TestRateFunctions::test_harmonic_at_t_zero_equals_qi PASSED [ 10%]
tests/test_decline_curves.py::TestRateFunctions::test_modified_hyperbolic_at_t_zero_equals_qi PASSED [ 14%]
tests/test_decline_curves.py::TestRateFunctions::test_all_functions_decline_monotonically PASSED [ 17%]
tests/test_decline_curves.py::TestRateFunctions::test_higher_b_gives_higher_rate_at_late_time PASSED [ 21%]
tests/test_decline_curves.py::TestRateFunctions::test_higher_Di_gives_lower_rate_at_late_time PASSED [ 25%]
tests/test_decline_curves.py::TestRateFunctions::test_modified_hyperbolic_lower_than_pure_at_late_time PASSED [ 28%]
tests/test_decline_curves.py::TestRateFunctions::test_hyperbolic_raises_on_invalid_b PASSED [ 32%]
tests/test_decline_curves.py::TestRateFunctions::test_hyperbolic_raises_on_b_above_2 PASSED [ 35%]
tests/test_decline_curves.py::TestEURCalculator::test_eur_positive_for_all_types FAILED [ 39%]
tests/test_decline_curves.py::TestEURCalculator::test_modified_hyperbolic_eur_less_than_pure_hyperbolic FAILED [ 42%]
tests/test_decline_curves.py::TestEURCalculator::test_eur_in_realistic_permian_range FAILED [ 46%]
tests/test_decline_curves.py::TestEURCalculator::test_higher_qi_gives_higher_eur FAILED [ 50%]
tests/test_decline_curves.py::TestEURCalculator::test_unknown_decline_type_raises PASSED [ 53%]
tests/test_decline_curves.py::TestDeclineCurveFitter::test_recovers_hyperbolic_parameters_within_10_percent FAILED [ 57%]
tests/test_decline_curves.py::TestDeclineCurveFitter::test_auto_mode_returns_valid_result FAILED [ 60%]
tests/test_decline_curves.py::TestDeclineCurveFitter::test_auto_upgrades_high_b_to_modified_hyperbolic FAILED [ 64%]
tests/test_decline_curves.py::TestDeclineCurveFitter::test_eur_positive_and_in_permian_range FAILED [ 67%]
tests/test_decline_curves.py::TestDeclineCurveFitter::test_confidence_interval_brackets_p50 FAILED [ 71%]
tests/test_decline_curves.py::TestDeclineCurveFitter::test_raises_on_insufficient_data PASSED [ 75%]
tests/test_decline_curves.py::TestDeclineCurveFitter::test_raises_on_unknown_decline_type PASSED [ 78%]
tests/test_decline_curves.py::TestDeclineCurveFitter::test_well_id_stored_in_output FAILED [ 82%]
tests/test_decline_curves.py::TestForecast::test_forecast_returns_correct_length FAILED [ 85%]
tests/test_decline_curves.py::TestForecast::test_forecast_production_non_negative FAILED [ 89%]
tests/test_decline_curves.py::TestForecast::test_forecast_cumulative_is_monotonically_increasing FAILED [ 92%]
tests/test_decline_curves.py::TestForecast::test_forecast_below_economic_limit_is_zero FAILED [ 96%]
tests/test_decline_curves.py::TestForecast::test_forecast_stores_parameters FAILED [100%]

================================== FAILURES ===================================
______________ TestEURCalculator.test_eur_positive_for_all_types ______________

self = <tests.test_decline_curves.TestEURCalculator object at 0x0000016E239A0F10>

    def test_eur_positive_for_all_types(self):
        for dtype in ['exponential', 'hyperbolic', 'harmonic', 'modified_hyperbolic']:
>           eur, life = calculate_eur(500, 0.07, 1.3, dtype)
                        ^^^^^^^^^^^^^^^^^^^^^^^^^^^^^^^^^^^^

tests\test_decline_curves.py:124: 
_ _ _ _ _ _ _ _ _ _ _ _ _ _ _ _ _ _ _ _ _ _ _ _ _ _ _ _ _ _ _ _ _ _ _ _ _ _ _ _
core\decline_curves.py:191: in calculate_eur
    eur_boe = float(np.trapz(q_arr[valid_mask] * DAYS_PER_MONTH, t_arr[valid_mask]))
                    ^^^^^^^^
_ _ _ _ _ _ _ _ _ _ _ _ _ _ _ _ _ _ _ _ _ _ _ _ _ _ _ _ _ _ _ _ _ _ _ _ _ _ _ _

attr = 'trapz'

    def __getattr__(attr):
        # Warn for expired attributes
        import warnings
    
        if attr == "linalg":
            import numpy.linalg as linalg
            return linalg
        elif attr == "fft":
            import numpy.fft as fft
            return fft
        elif attr == "dtypes":
            import numpy.dtypes as dtypes
            return dtypes
        elif attr == "random":
            import numpy.random as random
            return random
        elif attr == "polynomial":
            import numpy.polynomial as polynomial
            return polynomial
        elif attr == "ma":
            import numpy.ma as ma
            return ma
        elif attr == "ctypeslib":
            import numpy.ctypeslib as ctypeslib
            return ctypeslib
        elif attr == "exceptions":
            import numpy.exceptions as exceptions
            return exceptions
        elif attr == "testing":
            import numpy.testing as testing
            return testing
        elif attr == "matlib":
            import numpy.matlib as matlib
            return matlib
        elif attr == "f2py":
            import numpy.f2py as f2py
            return f2py
        elif attr == "typing":
            import numpy.typing as typing
            return typing
        elif attr == "rec":
            import numpy.rec as rec
            return rec
        elif attr == "char":
            import numpy.char as char
            return char
        elif attr == "array_api":
            raise AttributeError("`numpy.array_api` is not available from "
                                 "numpy 2.0 onwards", name=None)
        elif attr == "core":
            import numpy.core as core
            return core
        elif attr == "strings":
            import numpy.strings as strings
            return strings
        elif attr == "distutils":
            if 'distutils' in __numpy_submodules__:
                import numpy.distutils as distutils
                return distutils
            else:
                raise AttributeError("`numpy.distutils` is not available from "
                                     "Python 3.12 onwards", name=None)
    
        if attr in __future_scalars__:
            # And future warnings for those that will change, but also give
            # the AttributeError
            warnings.warn(
                f"In the future `np.{attr}` will be defined as the "
                "corresponding NumPy scalar.", FutureWarning, stacklevel=2)
    
        if attr in __former_attrs__:
            raise AttributeError(__former_attrs__[attr], name=None)
    
        if attr in __expired_attributes__:
            raise AttributeError(
                f"`np.{attr}` was removed in the NumPy 2.0 release. "
                f"{__expired_attributes__[attr]}",
                name=None
            )
    
        if attr == "chararray":
            warnings.warn(
                "`np.chararray` is deprecated and will be removed from "
                "the main namespace in the future. Use an array with a string "
                "or bytes dtype instead.", DeprecationWarning, stacklevel=2)
            import numpy.char as char
            return char.chararray
    
>       raise AttributeError(f"module {__name__!r} has no attribute {attr!r}")
E       AttributeError: module 'numpy' has no attribute 'trapz'

..\..\..\anaconda3\envs\permian-econ\Lib\site-packages\numpy\__init__.py:805: AttributeError
__ TestEURCalculator.test_modified_hyperbolic_eur_less_than_pure_hyperbolic ___

self = <tests.test_decline_curves.TestEURCalculator object at 0x0000016E239A15D0>

    def test_modified_hyperbolic_eur_less_than_pure_hyperbolic(self):
        """Core validation: Modified Hyperbolic prevents EUR overestimation."""
>       eur_hyperbolic, _ = calculate_eur(500, 0.07, 2.0, 'hyperbolic')
                            ^^^^^^^^^^^^^^^^^^^^^^^^^^^^^^^^^^^^^^^^^^^

tests\test_decline_curves.py:130: 
_ _ _ _ _ _ _ _ _ _ _ _ _ _ _ _ _ _ _ _ _ _ _ _ _ _ _ _ _ _ _ _ _ _ _ _ _ _ _ _
core\decline_curves.py:191: in calculate_eur
    eur_boe = float(np.trapz(q_arr[valid_mask] * DAYS_PER_MONTH, t_arr[valid_mask]))
                    ^^^^^^^^
_ _ _ _ _ _ _ _ _ _ _ _ _ _ _ _ _ _ _ _ _ _ _ _ _ _ _ _ _ _ _ _ _ _ _ _ _ _ _ _

attr = 'trapz'

    def __getattr__(attr):
        # Warn for expired attributes
        import warnings
    
        if attr == "linalg":
            import numpy.linalg as linalg
            return linalg
        elif attr == "fft":
            import numpy.fft as fft
            return fft
        elif attr == "dtypes":
            import numpy.dtypes as dtypes
            return dtypes
        elif attr == "random":
            import numpy.random as random
            return random
        elif attr == "polynomial":
            import numpy.polynomial as polynomial
            return polynomial
        elif attr == "ma":
            import numpy.ma as ma
            return ma
        elif attr == "ctypeslib":
            import numpy.ctypeslib as ctypeslib
            return ctypeslib
        elif attr == "exceptions":
            import numpy.exceptions as exceptions
            return exceptions
        elif attr == "testing":
            import numpy.testing as testing
            return testing
        elif attr == "matlib":
            import numpy.matlib as matlib
            return matlib
        elif attr == "f2py":
            import numpy.f2py as f2py
            return f2py
        elif attr == "typing":
            import numpy.typing as typing
            return typing
        elif attr == "rec":
            import numpy.rec as rec
            return rec
        elif attr == "char":
            import numpy.char as char
            return char
        elif attr == "array_api":
            raise AttributeError("`numpy.array_api` is not available from "
                                 "numpy 2.0 onwards", name=None)
        elif attr == "core":
            import numpy.core as core
            return core
        elif attr == "strings":
            import numpy.strings as strings
            return strings
        elif attr == "distutils":
            if 'distutils' in __numpy_submodules__:
                import numpy.distutils as distutils
                return distutils
            else:
                raise AttributeError("`numpy.distutils` is not available from "
                                     "Python 3.12 onwards", name=None)
    
        if attr in __future_scalars__:
            # And future warnings for those that will change, but also give
            # the AttributeError
            warnings.warn(
                f"In the future `np.{attr}` will be defined as the "
                "corresponding NumPy scalar.", FutureWarning, stacklevel=2)
    
        if attr in __former_attrs__:
            raise AttributeError(__former_attrs__[attr], name=None)
    
        if attr in __expired_attributes__:
            raise AttributeError(
                f"`np.{attr}` was removed in the NumPy 2.0 release. "
                f"{__expired_attributes__[attr]}",
                name=None
            )
    
        if attr == "chararray":
            warnings.warn(
                "`np.chararray` is deprecated and will be removed from "
                "the main namespace in the future. Use an array with a string "
                "or bytes dtype instead.", DeprecationWarning, stacklevel=2)
            import numpy.char as char
            return char.chararray
    
>       raise AttributeError(f"module {__name__!r} has no attribute {attr!r}")
E       AttributeError: module 'numpy' has no attribute 'trapz'

..\..\..\anaconda3\envs\permian-econ\Lib\site-packages\numpy\__init__.py:805: AttributeError
____________ TestEURCalculator.test_eur_in_realistic_permian_range ____________

self = <tests.test_decline_curves.TestEURCalculator object at 0x0000016E239A1D10>

    def test_eur_in_realistic_permian_range(self):
        """A representative Midland Basin well should produce 100-1000 MBOE."""
>       eur, life = calculate_eur(650, 0.082, 1.38, 'modified_hyperbolic')
                    ^^^^^^^^^^^^^^^^^^^^^^^^^^^^^^^^^^^^^^^^^^^^^^^^^^^^^^

tests\test_decline_curves.py:138: 
_ _ _ _ _ _ _ _ _ _ _ _ _ _ _ _ _ _ _ _ _ _ _ _ _ _ _ _ _ _ _ _ _ _ _ _ _ _ _ _
core\decline_curves.py:213: in calculate_eur
    eur_boe = float(np.trapz(q_arr[valid_mask] * DAYS_PER_MONTH, t_arr[valid_mask]))
                    ^^^^^^^^
_ _ _ _ _ _ _ _ _ _ _ _ _ _ _ _ _ _ _ _ _ _ _ _ _ _ _ _ _ _ _ _ _ _ _ _ _ _ _ _

attr = 'trapz'

    def __getattr__(attr):
        # Warn for expired attributes
        import warnings
    
        if attr == "linalg":
            import numpy.linalg as linalg
            return linalg
        elif attr == "fft":
            import numpy.fft as fft
            return fft
        elif attr == "dtypes":
            import numpy.dtypes as dtypes
            return dtypes
        elif attr == "random":
            import numpy.random as random
            return random
        elif attr == "polynomial":
            import numpy.polynomial as polynomial
            return polynomial
        elif attr == "ma":
            import numpy.ma as ma
            return ma
        elif attr == "ctypeslib":
            import numpy.ctypeslib as ctypeslib
            return ctypeslib
        elif attr == "exceptions":
            import numpy.exceptions as exceptions
            return exceptions
        elif attr == "testing":
            import numpy.testing as testing
            return testing
        elif attr == "matlib":
            import numpy.matlib as matlib
            return matlib
        elif attr == "f2py":
            import numpy.f2py as f2py
            return f2py
        elif attr == "typing":
            import numpy.typing as typing
            return typing
        elif attr == "rec":
            import numpy.rec as rec
            return rec
        elif attr == "char":
            import numpy.char as char
            return char
        elif attr == "array_api":
            raise AttributeError("`numpy.array_api` is not available from "
                                 "numpy 2.0 onwards", name=None)
        elif attr == "core":
            import numpy.core as core
            return core
        elif attr == "strings":
            import numpy.strings as strings
            return strings
        elif attr == "distutils":
            if 'distutils' in __numpy_submodules__:
                import numpy.distutils as distutils
                return distutils
            else:
                raise AttributeError("`numpy.distutils` is not available from "
                                     "Python 3.12 onwards", name=None)
    
        if attr in __future_scalars__:
            # And future warnings for those that will change, but also give
            # the AttributeError
            warnings.warn(
                f"In the future `np.{attr}` will be defined as the "
                "corresponding NumPy scalar.", FutureWarning, stacklevel=2)
    
        if attr in __former_attrs__:
            raise AttributeError(__former_attrs__[attr], name=None)
    
        if attr in __expired_attributes__:
            raise AttributeError(
                f"`np.{attr}` was removed in the NumPy 2.0 release. "
                f"{__expired_attributes__[attr]}",
                name=None
            )
    
        if attr == "chararray":
            warnings.warn(
                "`np.chararray` is deprecated and will be removed from "
                "the main namespace in the future. Use an array with a string "
                "or bytes dtype instead.", DeprecationWarning, stacklevel=2)
            import numpy.char as char
            return char.chararray
    
>       raise AttributeError(f"module {__name__!r} has no attribute {attr!r}")
E       AttributeError: module 'numpy' has no attribute 'trapz'

..\..\..\anaconda3\envs\permian-econ\Lib\site-packages\numpy\__init__.py:805: AttributeError
______________ TestEURCalculator.test_higher_qi_gives_higher_eur ______________

self = <tests.test_decline_curves.TestEURCalculator object at 0x0000016E239A2450>

    def test_higher_qi_gives_higher_eur(self):
>       eur_low, _ = calculate_eur(400, 0.07, 1.3, 'hyperbolic')
                     ^^^^^^^^^^^^^^^^^^^^^^^^^^^^^^^^^^^^^^^^^^^

tests\test_decline_curves.py:145: 
_ _ _ _ _ _ _ _ _ _ _ _ _ _ _ _ _ _ _ _ _ _ _ _ _ _ _ _ _ _ _ _ _ _ _ _ _ _ _ _
core\decline_curves.py:191: in calculate_eur
    eur_boe = float(np.trapz(q_arr[valid_mask] * DAYS_PER_MONTH, t_arr[valid_mask]))
                    ^^^^^^^^
_ _ _ _ _ _ _ _ _ _ _ _ _ _ _ _ _ _ _ _ _ _ _ _ _ _ _ _ _ _ _ _ _ _ _ _ _ _ _ _

attr = 'trapz'

    def __getattr__(attr):
        # Warn for expired attributes
        import warnings
    
        if attr == "linalg":
            import numpy.linalg as linalg
            return linalg
        elif attr == "fft":
            import numpy.fft as fft
            return fft
        elif attr == "dtypes":
            import numpy.dtypes as dtypes
            return dtypes
        elif attr == "random":
            import numpy.random as random
            return random
        elif attr == "polynomial":
            import numpy.polynomial as polynomial
            return polynomial
        elif attr == "ma":
            import numpy.ma as ma
            return ma
        elif attr == "ctypeslib":
            import numpy.ctypeslib as ctypeslib
            return ctypeslib
        elif attr == "exceptions":
            import numpy.exceptions as exceptions
            return exceptions
        elif attr == "testing":
            import numpy.testing as testing
            return testing
        elif attr == "matlib":
            import numpy.matlib as matlib
            return matlib
        elif attr == "f2py":
            import numpy.f2py as f2py
            return f2py
        elif attr == "typing":
            import numpy.typing as typing
            return typing
        elif attr == "rec":
            import numpy.rec as rec
            return rec
        elif attr == "char":
            import numpy.char as char
            return char
        elif attr == "array_api":
            raise AttributeError("`numpy.array_api` is not available from "
                                 "numpy 2.0 onwards", name=None)
        elif attr == "core":
            import numpy.core as core
            return core
        elif attr == "strings":
            import numpy.strings as strings
            return strings
        elif attr == "distutils":
            if 'distutils' in __numpy_submodules__:
                import numpy.distutils as distutils
                return distutils
            else:
                raise AttributeError("`numpy.distutils` is not available from "
                                     "Python 3.12 onwards", name=None)
    
        if attr in __future_scalars__:
            # And future warnings for those that will change, but also give
            # the AttributeError
            warnings.warn(
                f"In the future `np.{attr}` will be defined as the "
                "corresponding NumPy scalar.", FutureWarning, stacklevel=2)
    
        if attr in __former_attrs__:
            raise AttributeError(__former_attrs__[attr], name=None)
    
        if attr in __expired_attributes__:
            raise AttributeError(
                f"`np.{attr}` was removed in the NumPy 2.0 release. "
                f"{__expired_attributes__[attr]}",
                name=None
            )
    
        if attr == "chararray":
            warnings.warn(
                "`np.chararray` is deprecated and will be removed from "
                "the main namespace in the future. Use an array with a string "
                "or bytes dtype instead.", DeprecationWarning, stacklevel=2)
            import numpy.char as char
            return char.chararray
    
>       raise AttributeError(f"module {__name__!r} has no attribute {attr!r}")
E       AttributeError: module 'numpy' has no attribute 'trapz'

..\..\..\anaconda3\envs\permian-econ\Lib\site-packages\numpy\__init__.py:805: AttributeError
_ TestDeclineCurveFitter.test_recovers_hyperbolic_parameters_within_10_percent _

self = <tests.test_decline_curves.TestDeclineCurveFitter object at 0x0000016E239A3010>

    def test_recovers_hyperbolic_parameters_within_10_percent(self):
        """
        THE KEY VALIDATION TEST.
        If the fitter can't recover parameters from clean synthetic data
        within 10-15%, something is fundamentally wrong with the fitting logic.
        Fix this before moving to Phase 2 ΓÇö do not proceed with a broken fitter.
        """
        TRUE_QI, TRUE_DI, TRUE_B = 650, 0.082, 1.38
        t, q = synthetic_hyperbolic(qi=TRUE_QI, Di=TRUE_DI, b=TRUE_B, noise=0.03)
    
>       params = DeclineCurveFitter().fit(t, q, decline_type='hyperbolic')
                 ^^^^^^^^^^^^^^^^^^^^^^^^^^^^^^^^^^^^^^^^^^^^^^^^^^^^^^^^^

tests\test_decline_curves.py:170: 
_ _ _ _ _ _ _ _ _ _ _ _ _ _ _ _ _ _ _ _ _ _ _ _ _ _ _ _ _ _ _ _ _ _ _ _ _ _ _ _
core\decline_curves.py:470: in fit
    eur_p50, reserve_life = calculate_eur(
core\decline_curves.py:191: in calculate_eur
    eur_boe = float(np.trapz(q_arr[valid_mask] * DAYS_PER_MONTH, t_arr[valid_mask]))
                    ^^^^^^^^
_ _ _ _ _ _ _ _ _ _ _ _ _ _ _ _ _ _ _ _ _ _ _ _ _ _ _ _ _ _ _ _ _ _ _ _ _ _ _ _

attr = 'trapz'

    def __getattr__(attr):
        # Warn for expired attributes
        import warnings
    
        if attr == "linalg":
            import numpy.linalg as linalg
            return linalg
        elif attr == "fft":
            import numpy.fft as fft
            return fft
        elif attr == "dtypes":
            import numpy.dtypes as dtypes
            return dtypes
        elif attr == "random":
            import numpy.random as random
            return random
        elif attr == "polynomial":
            import numpy.polynomial as polynomial
            return polynomial
        elif attr == "ma":
            import numpy.ma as ma
            return ma
        elif attr == "ctypeslib":
            import numpy.ctypeslib as ctypeslib
            return ctypeslib
        elif attr == "exceptions":
            import numpy.exceptions as exceptions
            return exceptions
        elif attr == "testing":
            import numpy.testing as testing
            return testing
        elif attr == "matlib":
            import numpy.matlib as matlib
            return matlib
        elif attr == "f2py":
            import numpy.f2py as f2py
            return f2py
        elif attr == "typing":
            import numpy.typing as typing
            return typing
        elif attr == "rec":
            import numpy.rec as rec
            return rec
        elif attr == "char":
            import numpy.char as char
            return char
        elif attr == "array_api":
            raise AttributeError("`numpy.array_api` is not available from "
                                 "numpy 2.0 onwards", name=None)
        elif attr == "core":
            import numpy.core as core
            return core
        elif attr == "strings":
            import numpy.strings as strings
            return strings
        elif attr == "distutils":
            if 'distutils' in __numpy_submodules__:
                import numpy.distutils as distutils
                return distutils
            else:
                raise AttributeError("`numpy.distutils` is not available from "
                                     "Python 3.12 onwards", name=None)
    
        if attr in __future_scalars__:
            # And future warnings for those that will change, but also give
            # the AttributeError
            warnings.warn(
                f"In the future `np.{attr}` will be defined as the "
                "corresponding NumPy scalar.", FutureWarning, stacklevel=2)
    
        if attr in __former_attrs__:
            raise AttributeError(__former_attrs__[attr], name=None)
    
        if attr in __expired_attributes__:
            raise AttributeError(
                f"`np.{attr}` was removed in the NumPy 2.0 release. "
                f"{__expired_attributes__[attr]}",
                name=None
            )
    
        if attr == "chararray":
            warnings.warn(
                "`np.chararray` is deprecated and will be removed from "
                "the main namespace in the future. Use an array with a string "
                "or bytes dtype instead.", DeprecationWarning, stacklevel=2)
            import numpy.char as char
            return char.chararray
    
>       raise AttributeError(f"module {__name__!r} has no attribute {attr!r}")
E       AttributeError: module 'numpy' has no attribute 'trapz'

..\..\..\anaconda3\envs\permian-econ\Lib\site-packages\numpy\__init__.py:805: AttributeError
_________ TestDeclineCurveFitter.test_auto_mode_returns_valid_result __________

self = <tests.test_decline_curves.TestDeclineCurveFitter object at 0x0000016E4EAE2950>

    def test_auto_mode_returns_valid_result(self):
        t, q = synthetic_hyperbolic()
>       params = DeclineCurveFitter().fit(t, q, decline_type='auto')
                 ^^^^^^^^^^^^^^^^^^^^^^^^^^^^^^^^^^^^^^^^^^^^^^^^^^^

tests\test_decline_curves.py:182: 
_ _ _ _ _ _ _ _ _ _ _ _ _ _ _ _ _ _ _ _ _ _ _ _ _ _ _ _ _ _ _ _ _ _ _ _ _ _ _ _
core\decline_curves.py:470: in fit
    eur_p50, reserve_life = calculate_eur(
core\decline_curves.py:213: in calculate_eur
    eur_boe = float(np.trapz(q_arr[valid_mask] * DAYS_PER_MONTH, t_arr[valid_mask]))
                    ^^^^^^^^
_ _ _ _ _ _ _ _ _ _ _ _ _ _ _ _ _ _ _ _ _ _ _ _ _ _ _ _ _ _ _ _ _ _ _ _ _ _ _ _

attr = 'trapz'

    def __getattr__(attr):
        # Warn for expired attributes
        import warnings
    
        if attr == "linalg":
            import numpy.linalg as linalg
            return linalg
        elif attr == "fft":
            import numpy.fft as fft
            return fft
        elif attr == "dtypes":
            import numpy.dtypes as dtypes
            return dtypes
        elif attr == "random":
            import numpy.random as random
            return random
        elif attr == "polynomial":
            import numpy.polynomial as polynomial
            return polynomial
        elif attr == "ma":
            import numpy.ma as ma
            return ma
        elif attr == "ctypeslib":
            import numpy.ctypeslib as ctypeslib
            return ctypeslib
        elif attr == "exceptions":
            import numpy.exceptions as exceptions
            return exceptions
        elif attr == "testing":
            import numpy.testing as testing
            return testing
        elif attr == "matlib":
            import numpy.matlib as matlib
            return matlib
        elif attr == "f2py":
            import numpy.f2py as f2py
            return f2py
        elif attr == "typing":
            import numpy.typing as typing
            return typing
        elif attr == "rec":
            import numpy.rec as rec
            return rec
        elif attr == "char":
            import numpy.char as char
            return char
        elif attr == "array_api":
            raise AttributeError("`numpy.array_api` is not available from "
                                 "numpy 2.0 onwards", name=None)
        elif attr == "core":
            import numpy.core as core
            return core
        elif attr == "strings":
            import numpy.strings as strings
            return strings
        elif attr == "distutils":
            if 'distutils' in __numpy_submodules__:
                import numpy.distutils as distutils
                return distutils
            else:
                raise AttributeError("`numpy.distutils` is not available from "
                                     "Python 3.12 onwards", name=None)
    
        if attr in __future_scalars__:
            # And future warnings for those that will change, but also give
            # the AttributeError
            warnings.warn(
                f"In the future `np.{attr}` will be defined as the "
                "corresponding NumPy scalar.", FutureWarning, stacklevel=2)
    
        if attr in __former_attrs__:
            raise AttributeError(__former_attrs__[attr], name=None)
    
        if attr in __expired_attributes__:
            raise AttributeError(
                f"`np.{attr}` was removed in the NumPy 2.0 release. "
                f"{__expired_attributes__[attr]}",
                name=None
            )
    
        if attr == "chararray":
            warnings.warn(
                "`np.chararray` is deprecated and will be removed from "
                "the main namespace in the future. Use an array with a string "
                "or bytes dtype instead.", DeprecationWarning, stacklevel=2)
            import numpy.char as char
            return char.chararray
    
>       raise AttributeError(f"module {__name__!r} has no attribute {attr!r}")
E       AttributeError: module 'numpy' has no attribute 'trapz'

..\..\..\anaconda3\envs\permian-econ\Lib\site-packages\numpy\__init__.py:805: AttributeError
___ TestDeclineCurveFitter.test_auto_upgrades_high_b_to_modified_hyperbolic ___

self = <tests.test_decline_curves.TestDeclineCurveFitter object at 0x0000016E239A2E10>

    def test_auto_upgrades_high_b_to_modified_hyperbolic(self):
        """When b>1 is fitted, auto mode should upgrade to modified_hyperbolic."""
        t, q = synthetic_hyperbolic(b=1.8)  # Super-hyperbolic ΓÇö will fit b>1
>       params = DeclineCurveFitter(auto_upgrade_to_modified=True).fit(
            t, q, decline_type='auto'
        )

tests\test_decline_curves.py:194: 
_ _ _ _ _ _ _ _ _ _ _ _ _ _ _ _ _ _ _ _ _ _ _ _ _ _ _ _ _ _ _ _ _ _ _ _ _ _ _ _
core\decline_curves.py:470: in fit
    eur_p50, reserve_life = calculate_eur(
core\decline_curves.py:213: in calculate_eur
    eur_boe = float(np.trapz(q_arr[valid_mask] * DAYS_PER_MONTH, t_arr[valid_mask]))
                    ^^^^^^^^
_ _ _ _ _ _ _ _ _ _ _ _ _ _ _ _ _ _ _ _ _ _ _ _ _ _ _ _ _ _ _ _ _ _ _ _ _ _ _ _

attr = 'trapz'

    def __getattr__(attr):
        # Warn for expired attributes
        import warnings
    
        if attr == "linalg":
            import numpy.linalg as linalg
            return linalg
        elif attr == "fft":
            import numpy.fft as fft
            return fft
        elif attr == "dtypes":
            import numpy.dtypes as dtypes
            return dtypes
        elif attr == "random":
            import numpy.random as random
            return random
        elif attr == "polynomial":
            import numpy.polynomial as polynomial
            return polynomial
        elif attr == "ma":
            import numpy.ma as ma
            return ma
        elif attr == "ctypeslib":
            import numpy.ctypeslib as ctypeslib
            return ctypeslib
        elif attr == "exceptions":
            import numpy.exceptions as exceptions
            return exceptions
        elif attr == "testing":
            import numpy.testing as testing
            return testing
        elif attr == "matlib":
            import numpy.matlib as matlib
            return matlib
        elif attr == "f2py":
            import numpy.f2py as f2py
            return f2py
        elif attr == "typing":
            import numpy.typing as typing
            return typing
        elif attr == "rec":
            import numpy.rec as rec
            return rec
        elif attr == "char":
            import numpy.char as char
            return char
        elif attr == "array_api":
            raise AttributeError("`numpy.array_api` is not available from "
                                 "numpy 2.0 onwards", name=None)
        elif attr == "core":
            import numpy.core as core
            return core
        elif attr == "strings":
            import numpy.strings as strings
            return strings
        elif attr == "distutils":
            if 'distutils' in __numpy_submodules__:
                import numpy.distutils as distutils
                return distutils
            else:
                raise AttributeError("`numpy.distutils` is not available from "
                                     "Python 3.12 onwards", name=None)
    
        if attr in __future_scalars__:
            # And future warnings for those that will change, but also give
            # the AttributeError
            warnings.warn(
                f"In the future `np.{attr}` will be defined as the "
                "corresponding NumPy scalar.", FutureWarning, stacklevel=2)
    
        if attr in __former_attrs__:
            raise AttributeError(__former_attrs__[attr], name=None)
    
        if attr in __expired_attributes__:
            raise AttributeError(
                f"`np.{attr}` was removed in the NumPy 2.0 release. "
                f"{__expired_attributes__[attr]}",
                name=None
            )
    
        if attr == "chararray":
            warnings.warn(
                "`np.chararray` is deprecated and will be removed from "
                "the main namespace in the future. Use an array with a string "
                "or bytes dtype instead.", DeprecationWarning, stacklevel=2)
            import numpy.char as char
            return char.chararray
    
>       raise AttributeError(f"module {__name__!r} has no attribute {attr!r}")
E       AttributeError: module 'numpy' has no attribute 'trapz'

..\..\..\anaconda3\envs\permian-econ\Lib\site-packages\numpy\__init__.py:805: AttributeError
________ TestDeclineCurveFitter.test_eur_positive_and_in_permian_range ________

self = <tests.test_decline_curves.TestDeclineCurveFitter object at 0x0000016E239A12D0>

    def test_eur_positive_and_in_permian_range(self):
        t, q = synthetic_hyperbolic()
>       params = DeclineCurveFitter().fit(t, q)
                 ^^^^^^^^^^^^^^^^^^^^^^^^^^^^^^

tests\test_decline_curves.py:205: 
_ _ _ _ _ _ _ _ _ _ _ _ _ _ _ _ _ _ _ _ _ _ _ _ _ _ _ _ _ _ _ _ _ _ _ _ _ _ _ _
core\decline_curves.py:470: in fit
    eur_p50, reserve_life = calculate_eur(
core\decline_curves.py:213: in calculate_eur
    eur_boe = float(np.trapz(q_arr[valid_mask] * DAYS_PER_MONTH, t_arr[valid_mask]))
                    ^^^^^^^^
_ _ _ _ _ _ _ _ _ _ _ _ _ _ _ _ _ _ _ _ _ _ _ _ _ _ _ _ _ _ _ _ _ _ _ _ _ _ _ _

attr = 'trapz'

    def __getattr__(attr):
        # Warn for expired attributes
        import warnings
    
        if attr == "linalg":
            import numpy.linalg as linalg
            return linalg
        elif attr == "fft":
            import numpy.fft as fft
            return fft
        elif attr == "dtypes":
            import numpy.dtypes as dtypes
            return dtypes
        elif attr == "random":
            import numpy.random as random
            return random
        elif attr == "polynomial":
            import numpy.polynomial as polynomial
            return polynomial
        elif attr == "ma":
            import numpy.ma as ma
            return ma
        elif attr == "ctypeslib":
            import numpy.ctypeslib as ctypeslib
            return ctypeslib
        elif attr == "exceptions":
            import numpy.exceptions as exceptions
            return exceptions
        elif attr == "testing":
            import numpy.testing as testing
            return testing
        elif attr == "matlib":
            import numpy.matlib as matlib
            return matlib
        elif attr == "f2py":
            import numpy.f2py as f2py
            return f2py
        elif attr == "typing":
            import numpy.typing as typing
            return typing
        elif attr == "rec":
            import numpy.rec as rec
            return rec
        elif attr == "char":
            import numpy.char as char
            return char
        elif attr == "array_api":
            raise AttributeError("`numpy.array_api` is not available from "
                                 "numpy 2.0 onwards", name=None)
        elif attr == "core":
            import numpy.core as core
            return core
        elif attr == "strings":
            import numpy.strings as strings
            return strings
        elif attr == "distutils":
            if 'distutils' in __numpy_submodules__:
                import numpy.distutils as distutils
                return distutils
            else:
                raise AttributeError("`numpy.distutils` is not available from "
                                     "Python 3.12 onwards", name=None)
    
        if attr in __future_scalars__:
            # And future warnings for those that will change, but also give
            # the AttributeError
            warnings.warn(
                f"In the future `np.{attr}` will be defined as the "
                "corresponding NumPy scalar.", FutureWarning, stacklevel=2)
    
        if attr in __former_attrs__:
            raise AttributeError(__former_attrs__[attr], name=None)
    
        if attr in __expired_attributes__:
            raise AttributeError(
                f"`np.{attr}` was removed in the NumPy 2.0 release. "
                f"{__expired_attributes__[attr]}",
                name=None
            )
    
        if attr == "chararray":
            warnings.warn(
                "`np.chararray` is deprecated and will be removed from "
                "the main namespace in the future. Use an array with a string "
                "or bytes dtype instead.", DeprecationWarning, stacklevel=2)
            import numpy.char as char
            return char.chararray
    
>       raise AttributeError(f"module {__name__!r} has no attribute {attr!r}")
E       AttributeError: module 'numpy' has no attribute 'trapz'

..\..\..\anaconda3\envs\permian-econ\Lib\site-packages\numpy\__init__.py:805: AttributeError
________ TestDeclineCurveFitter.test_confidence_interval_brackets_p50 _________

self = <tests.test_decline_curves.TestDeclineCurveFitter object at 0x0000016E239A3310>

    def test_confidence_interval_brackets_p50(self):
        """P90 EUR < P50 EUR < P10 EUR ΓÇö always."""
        t, q = synthetic_hyperbolic()
>       params = DeclineCurveFitter().fit(t, q)
                 ^^^^^^^^^^^^^^^^^^^^^^^^^^^^^^

tests\test_decline_curves.py:212: 
_ _ _ _ _ _ _ _ _ _ _ _ _ _ _ _ _ _ _ _ _ _ _ _ _ _ _ _ _ _ _ _ _ _ _ _ _ _ _ _
core\decline_curves.py:470: in fit
    eur_p50, reserve_life = calculate_eur(
core\decline_curves.py:213: in calculate_eur
    eur_boe = float(np.trapz(q_arr[valid_mask] * DAYS_PER_MONTH, t_arr[valid_mask]))
                    ^^^^^^^^
_ _ _ _ _ _ _ _ _ _ _ _ _ _ _ _ _ _ _ _ _ _ _ _ _ _ _ _ _ _ _ _ _ _ _ _ _ _ _ _

attr = 'trapz'

    def __getattr__(attr):
        # Warn for expired attributes
        import warnings
    
        if attr == "linalg":
            import numpy.linalg as linalg
            return linalg
        elif attr == "fft":
            import numpy.fft as fft
            return fft
        elif attr == "dtypes":
            import numpy.dtypes as dtypes
            return dtypes
        elif attr == "random":
            import numpy.random as random
            return random
        elif attr == "polynomial":
            import numpy.polynomial as polynomial
            return polynomial
        elif attr == "ma":
            import numpy.ma as ma
            return ma
        elif attr == "ctypeslib":
            import numpy.ctypeslib as ctypeslib
            return ctypeslib
        elif attr == "exceptions":
            import numpy.exceptions as exceptions
            return exceptions
        elif attr == "testing":
            import numpy.testing as testing
            return testing
        elif attr == "matlib":
            import numpy.matlib as matlib
            return matlib
        elif attr == "f2py":
            import numpy.f2py as f2py
            return f2py
        elif attr == "typing":
            import numpy.typing as typing
            return typing
        elif attr == "rec":
            import numpy.rec as rec
            return rec
        elif attr == "char":
            import numpy.char as char
            return char
        elif attr == "array_api":
            raise AttributeError("`numpy.array_api` is not available from "
                                 "numpy 2.0 onwards", name=None)
        elif attr == "core":
            import numpy.core as core
            return core
        elif attr == "strings":
            import numpy.strings as strings
            return strings
        elif attr == "distutils":
            if 'distutils' in __numpy_submodules__:
                import numpy.distutils as distutils
                return distutils
            else:
                raise AttributeError("`numpy.distutils` is not available from "
                                     "Python 3.12 onwards", name=None)
    
        if attr in __future_scalars__:
            # And future warnings for those that will change, but also give
            # the AttributeError
            warnings.warn(
                f"In the future `np.{attr}` will be defined as the "
                "corresponding NumPy scalar.", FutureWarning, stacklevel=2)
    
        if attr in __former_attrs__:
            raise AttributeError(__former_attrs__[attr], name=None)
    
        if attr in __expired_attributes__:
            raise AttributeError(
                f"`np.{attr}` was removed in the NumPy 2.0 release. "
                f"{__expired_attributes__[attr]}",
                name=None
            )
    
        if attr == "chararray":
            warnings.warn(
                "`np.chararray` is deprecated and will be removed from "
                "the main namespace in the future. Use an array with a string "
                "or bytes dtype instead.", DeprecationWarning, stacklevel=2)
            import numpy.char as char
            return char.chararray
    
>       raise AttributeError(f"module {__name__!r} has no attribute {attr!r}")
E       AttributeError: module 'numpy' has no attribute 'trapz'

..\..\..\anaconda3\envs\permian-econ\Lib\site-packages\numpy\__init__.py:805: AttributeError
____________ TestDeclineCurveFitter.test_well_id_stored_in_output _____________

self = <tests.test_decline_curves.TestDeclineCurveFitter object at 0x0000016E239A3FD0>

    def test_well_id_stored_in_output(self):
        t, q = synthetic_hyperbolic()
>       params = DeclineCurveFitter().fit(t, q, well_id='Diamondback_A1')
                 ^^^^^^^^^^^^^^^^^^^^^^^^^^^^^^^^^^^^^^^^^^^^^^^^^^^^^^^^

tests\test_decline_curves.py:232: 
_ _ _ _ _ _ _ _ _ _ _ _ _ _ _ _ _ _ _ _ _ _ _ _ _ _ _ _ _ _ _ _ _ _ _ _ _ _ _ _
core\decline_curves.py:470: in fit
    eur_p50, reserve_life = calculate_eur(
core\decline_curves.py:213: in calculate_eur
    eur_boe = float(np.trapz(q_arr[valid_mask] * DAYS_PER_MONTH, t_arr[valid_mask]))
                    ^^^^^^^^
_ _ _ _ _ _ _ _ _ _ _ _ _ _ _ _ _ _ _ _ _ _ _ _ _ _ _ _ _ _ _ _ _ _ _ _ _ _ _ _

attr = 'trapz'

    def __getattr__(attr):
        # Warn for expired attributes
        import warnings
    
        if attr == "linalg":
            import numpy.linalg as linalg
            return linalg
        elif attr == "fft":
            import numpy.fft as fft
            return fft
        elif attr == "dtypes":
            import numpy.dtypes as dtypes
            return dtypes
        elif attr == "random":
            import numpy.random as random
            return random
        elif attr == "polynomial":
            import numpy.polynomial as polynomial
            return polynomial
        elif attr == "ma":
            import numpy.ma as ma
            return ma
        elif attr == "ctypeslib":
            import numpy.ctypeslib as ctypeslib
            return ctypeslib
        elif attr == "exceptions":
            import numpy.exceptions as exceptions
            return exceptions
        elif attr == "testing":
            import numpy.testing as testing
            return testing
        elif attr == "matlib":
            import numpy.matlib as matlib
            return matlib
        elif attr == "f2py":
            import numpy.f2py as f2py
            return f2py
        elif attr == "typing":
            import numpy.typing as typing
            return typing
        elif attr == "rec":
            import numpy.rec as rec
            return rec
        elif attr == "char":
            import numpy.char as char
            return char
        elif attr == "array_api":
            raise AttributeError("`numpy.array_api` is not available from "
                                 "numpy 2.0 onwards", name=None)
        elif attr == "core":
            import numpy.core as core
            return core
        elif attr == "strings":
            import numpy.strings as strings
            return strings
        elif attr == "distutils":
            if 'distutils' in __numpy_submodules__:
                import numpy.distutils as distutils
                return distutils
            else:
                raise AttributeError("`numpy.distutils` is not available from "
                                     "Python 3.12 onwards", name=None)
    
        if attr in __future_scalars__:
            # And future warnings for those that will change, but also give
            # the AttributeError
            warnings.warn(
                f"In the future `np.{attr}` will be defined as the "
                "corresponding NumPy scalar.", FutureWarning, stacklevel=2)
    
        if attr in __former_attrs__:
            raise AttributeError(__former_attrs__[attr], name=None)
    
        if attr in __expired_attributes__:
            raise AttributeError(
                f"`np.{attr}` was removed in the NumPy 2.0 release. "
                f"{__expired_attributes__[attr]}",
                name=None
            )
    
        if attr == "chararray":
            warnings.warn(
                "`np.chararray` is deprecated and will be removed from "
                "the main namespace in the future. Use an array with a string "
                "or bytes dtype instead.", DeprecationWarning, stacklevel=2)
            import numpy.char as char
            return char.chararray
    
>       raise AttributeError(f"module {__name__!r} has no attribute {attr!r}")
E       AttributeError: module 'numpy' has no attribute 'trapz'

..\..\..\anaconda3\envs\permian-econ\Lib\site-packages\numpy\__init__.py:805: AttributeError
______________ TestForecast.test_forecast_returns_correct_length ______________

self = <tests.test_decline_curves.TestForecast object at 0x0000016E239A8590>

    def test_forecast_returns_correct_length(self):
        t, q = synthetic_hyperbolic()
        fitter = DeclineCurveFitter()
>       params = fitter.fit(t, q)
                 ^^^^^^^^^^^^^^^^

tests\test_decline_curves.py:245: 
_ _ _ _ _ _ _ _ _ _ _ _ _ _ _ _ _ _ _ _ _ _ _ _ _ _ _ _ _ _ _ _ _ _ _ _ _ _ _ _
core\decline_curves.py:470: in fit
    eur_p50, reserve_life = calculate_eur(
core\decline_curves.py:213: in calculate_eur
    eur_boe = float(np.trapz(q_arr[valid_mask] * DAYS_PER_MONTH, t_arr[valid_mask]))
                    ^^^^^^^^
_ _ _ _ _ _ _ _ _ _ _ _ _ _ _ _ _ _ _ _ _ _ _ _ _ _ _ _ _ _ _ _ _ _ _ _ _ _ _ _

attr = 'trapz'

    def __getattr__(attr):
        # Warn for expired attributes
        import warnings
    
        if attr == "linalg":
            import numpy.linalg as linalg
            return linalg
        elif attr == "fft":
            import numpy.fft as fft
            return fft
        elif attr == "dtypes":
            import numpy.dtypes as dtypes
            return dtypes
        elif attr == "random":
            import numpy.random as random
            return random
        elif attr == "polynomial":
            import numpy.polynomial as polynomial
            return polynomial
        elif attr == "ma":
            import numpy.ma as ma
            return ma
        elif attr == "ctypeslib":
            import numpy.ctypeslib as ctypeslib
            return ctypeslib
        elif attr == "exceptions":
            import numpy.exceptions as exceptions
            return exceptions
        elif attr == "testing":
            import numpy.testing as testing
            return testing
        elif attr == "matlib":
            import numpy.matlib as matlib
            return matlib
        elif attr == "f2py":
            import numpy.f2py as f2py
            return f2py
        elif attr == "typing":
            import numpy.typing as typing
            return typing
        elif attr == "rec":
            import numpy.rec as rec
            return rec
        elif attr == "char":
            import numpy.char as char
            return char
        elif attr == "array_api":
            raise AttributeError("`numpy.array_api` is not available from "
                                 "numpy 2.0 onwards", name=None)
        elif attr == "core":
            import numpy.core as core
            return core
        elif attr == "strings":
            import numpy.strings as strings
            return strings
        elif attr == "distutils":
            if 'distutils' in __numpy_submodules__:
                import numpy.distutils as distutils
                return distutils
            else:
                raise AttributeError("`numpy.distutils` is not available from "
                                     "Python 3.12 onwards", name=None)
    
        if attr in __future_scalars__:
            # And future warnings for those that will change, but also give
            # the AttributeError
            warnings.warn(
                f"In the future `np.{attr}` will be defined as the "
                "corresponding NumPy scalar.", FutureWarning, stacklevel=2)
    
        if attr in __former_attrs__:
            raise AttributeError(__former_attrs__[attr], name=None)
    
        if attr in __expired_attributes__:
            raise AttributeError(
                f"`np.{attr}` was removed in the NumPy 2.0 release. "
                f"{__expired_attributes__[attr]}",
                name=None
            )
    
        if attr == "chararray":
            warnings.warn(
                "`np.chararray` is deprecated and will be removed from "
                "the main namespace in the future. Use an array with a string "
                "or bytes dtype instead.", DeprecationWarning, stacklevel=2)
            import numpy.char as char
            return char.chararray
    
>       raise AttributeError(f"module {__name__!r} has no attribute {attr!r}")
E       AttributeError: module 'numpy' has no attribute 'trapz'

..\..\..\anaconda3\envs\permian-econ\Lib\site-packages\numpy\__init__.py:805: AttributeError
_____________ TestForecast.test_forecast_production_non_negative ______________

self = <tests.test_decline_curves.TestForecast object at 0x0000016E239A8BD0>

    def test_forecast_production_non_negative(self):
        t, q = synthetic_hyperbolic()
        fitter = DeclineCurveFitter()
>       params = fitter.fit(t, q)
                 ^^^^^^^^^^^^^^^^

tests\test_decline_curves.py:255: 
_ _ _ _ _ _ _ _ _ _ _ _ _ _ _ _ _ _ _ _ _ _ _ _ _ _ _ _ _ _ _ _ _ _ _ _ _ _ _ _
core\decline_curves.py:470: in fit
    eur_p50, reserve_life = calculate_eur(
core\decline_curves.py:213: in calculate_eur
    eur_boe = float(np.trapz(q_arr[valid_mask] * DAYS_PER_MONTH, t_arr[valid_mask]))
                    ^^^^^^^^
_ _ _ _ _ _ _ _ _ _ _ _ _ _ _ _ _ _ _ _ _ _ _ _ _ _ _ _ _ _ _ _ _ _ _ _ _ _ _ _

attr = 'trapz'

    def __getattr__(attr):
        # Warn for expired attributes
        import warnings
    
        if attr == "linalg":
            import numpy.linalg as linalg
            return linalg
        elif attr == "fft":
            import numpy.fft as fft
            return fft
        elif attr == "dtypes":
            import numpy.dtypes as dtypes
            return dtypes
        elif attr == "random":
            import numpy.random as random
            return random
        elif attr == "polynomial":
            import numpy.polynomial as polynomial
            return polynomial
        elif attr == "ma":
            import numpy.ma as ma
            return ma
        elif attr == "ctypeslib":
            import numpy.ctypeslib as ctypeslib
            return ctypeslib
        elif attr == "exceptions":
            import numpy.exceptions as exceptions
            return exceptions
        elif attr == "testing":
            import numpy.testing as testing
            return testing
        elif attr == "matlib":
            import numpy.matlib as matlib
            return matlib
        elif attr == "f2py":
            import numpy.f2py as f2py
            return f2py
        elif attr == "typing":
            import numpy.typing as typing
            return typing
        elif attr == "rec":
            import numpy.rec as rec
            return rec
        elif attr == "char":
            import numpy.char as char
            return char
        elif attr == "array_api":
            raise AttributeError("`numpy.array_api` is not available from "
                                 "numpy 2.0 onwards", name=None)
        elif attr == "core":
            import numpy.core as core
            return core
        elif attr == "strings":
            import numpy.strings as strings
            return strings
        elif attr == "distutils":
            if 'distutils' in __numpy_submodules__:
                import numpy.distutils as distutils
                return distutils
            else:
                raise AttributeError("`numpy.distutils` is not available from "
                                     "Python 3.12 onwards", name=None)
    
        if attr in __future_scalars__:
            # And future warnings for those that will change, but also give
            # the AttributeError
            warnings.warn(
                f"In the future `np.{attr}` will be defined as the "
                "corresponding NumPy scalar.", FutureWarning, stacklevel=2)
    
        if attr in __former_attrs__:
            raise AttributeError(__former_attrs__[attr], name=None)
    
        if attr in __expired_attributes__:
            raise AttributeError(
                f"`np.{attr}` was removed in the NumPy 2.0 release. "
                f"{__expired_attributes__[attr]}",
                name=None
            )
    
        if attr == "chararray":
            warnings.warn(
                "`np.chararray` is deprecated and will be removed from "
                "the main namespace in the future. Use an array with a string "
                "or bytes dtype instead.", DeprecationWarning, stacklevel=2)
            import numpy.char as char
            return char.chararray
    
>       raise AttributeError(f"module {__name__!r} has no attribute {attr!r}")
E       AttributeError: module 'numpy' has no attribute 'trapz'

..\..\..\anaconda3\envs\permian-econ\Lib\site-packages\numpy\__init__.py:805: AttributeError
______ TestForecast.test_forecast_cumulative_is_monotonically_increasing ______

self = <tests.test_decline_curves.TestForecast object at 0x0000016E239A9210>

    def test_forecast_cumulative_is_monotonically_increasing(self):
        t, q = synthetic_hyperbolic()
        fitter = DeclineCurveFitter()
>       params = fitter.fit(t, q)
                 ^^^^^^^^^^^^^^^^

tests\test_decline_curves.py:263: 
_ _ _ _ _ _ _ _ _ _ _ _ _ _ _ _ _ _ _ _ _ _ _ _ _ _ _ _ _ _ _ _ _ _ _ _ _ _ _ _
core\decline_curves.py:470: in fit
    eur_p50, reserve_life = calculate_eur(
core\decline_curves.py:213: in calculate_eur
    eur_boe = float(np.trapz(q_arr[valid_mask] * DAYS_PER_MONTH, t_arr[valid_mask]))
                    ^^^^^^^^
_ _ _ _ _ _ _ _ _ _ _ _ _ _ _ _ _ _ _ _ _ _ _ _ _ _ _ _ _ _ _ _ _ _ _ _ _ _ _ _

attr = 'trapz'

    def __getattr__(attr):
        # Warn for expired attributes
        import warnings
    
        if attr == "linalg":
            import numpy.linalg as linalg
            return linalg
        elif attr == "fft":
            import numpy.fft as fft
            return fft
        elif attr == "dtypes":
            import numpy.dtypes as dtypes
            return dtypes
        elif attr == "random":
            import numpy.random as random
            return random
        elif attr == "polynomial":
            import numpy.polynomial as polynomial
            return polynomial
        elif attr == "ma":
            import numpy.ma as ma
            return ma
        elif attr == "ctypeslib":
            import numpy.ctypeslib as ctypeslib
            return ctypeslib
        elif attr == "exceptions":
            import numpy.exceptions as exceptions
            return exceptions
        elif attr == "testing":
            import numpy.testing as testing
            return testing
        elif attr == "matlib":
            import numpy.matlib as matlib
            return matlib
        elif attr == "f2py":
            import numpy.f2py as f2py
            return f2py
        elif attr == "typing":
            import numpy.typing as typing
            return typing
        elif attr == "rec":
            import numpy.rec as rec
            return rec
        elif attr == "char":
            import numpy.char as char
            return char
        elif attr == "array_api":
            raise AttributeError("`numpy.array_api` is not available from "
                                 "numpy 2.0 onwards", name=None)
        elif attr == "core":
            import numpy.core as core
            return core
        elif attr == "strings":
            import numpy.strings as strings
            return strings
        elif attr == "distutils":
            if 'distutils' in __numpy_submodules__:
                import numpy.distutils as distutils
                return distutils
            else:
                raise AttributeError("`numpy.distutils` is not available from "
                                     "Python 3.12 onwards", name=None)
    
        if attr in __future_scalars__:
            # And future warnings for those that will change, but also give
            # the AttributeError
            warnings.warn(
                f"In the future `np.{attr}` will be defined as the "
                "corresponding NumPy scalar.", FutureWarning, stacklevel=2)
    
        if attr in __former_attrs__:
            raise AttributeError(__former_attrs__[attr], name=None)
    
        if attr in __expired_attributes__:
            raise AttributeError(
                f"`np.{attr}` was removed in the NumPy 2.0 release. "
                f"{__expired_attributes__[attr]}",
                name=None
            )
    
        if attr == "chararray":
            warnings.warn(
                "`np.chararray` is deprecated and will be removed from "
                "the main namespace in the future. Use an array with a string "
                "or bytes dtype instead.", DeprecationWarning, stacklevel=2)
            import numpy.char as char
            return char.chararray
    
>       raise AttributeError(f"module {__name__!r} has no attribute {attr!r}")
E       AttributeError: module 'numpy' has no attribute 'trapz'

..\..\..\anaconda3\envs\permian-econ\Lib\site-packages\numpy\__init__.py:805: AttributeError
___________ TestForecast.test_forecast_below_economic_limit_is_zero ___________

self = <tests.test_decline_curves.TestForecast object at 0x0000016E239A9890>

    def test_forecast_below_economic_limit_is_zero(self):
        """After the well reaches its economic limit, production must be zeroed."""
        t, q = synthetic_hyperbolic()
        fitter = DeclineCurveFitter(economic_limit=10.0)
>       params = fitter.fit(t, q)
                 ^^^^^^^^^^^^^^^^

tests\test_decline_curves.py:272: 
_ _ _ _ _ _ _ _ _ _ _ _ _ _ _ _ _ _ _ _ _ _ _ _ _ _ _ _ _ _ _ _ _ _ _ _ _ _ _ _
core\decline_curves.py:470: in fit
    eur_p50, reserve_life = calculate_eur(
core\decline_curves.py:213: in calculate_eur
    eur_boe = float(np.trapz(q_arr[valid_mask] * DAYS_PER_MONTH, t_arr[valid_mask]))
                    ^^^^^^^^
_ _ _ _ _ _ _ _ _ _ _ _ _ _ _ _ _ _ _ _ _ _ _ _ _ _ _ _ _ _ _ _ _ _ _ _ _ _ _ _

attr = 'trapz'

    def __getattr__(attr):
        # Warn for expired attributes
        import warnings
    
        if attr == "linalg":
            import numpy.linalg as linalg
            return linalg
        elif attr == "fft":
            import numpy.fft as fft
            return fft
        elif attr == "dtypes":
            import numpy.dtypes as dtypes
            return dtypes
        elif attr == "random":
            import numpy.random as random
            return random
        elif attr == "polynomial":
            import numpy.polynomial as polynomial
            return polynomial
        elif attr == "ma":
            import numpy.ma as ma
            return ma
        elif attr == "ctypeslib":
            import numpy.ctypeslib as ctypeslib
            return ctypeslib
        elif attr == "exceptions":
            import numpy.exceptions as exceptions
            return exceptions
        elif attr == "testing":
            import numpy.testing as testing
            return testing
        elif attr == "matlib":
            import numpy.matlib as matlib
            return matlib
        elif attr == "f2py":
            import numpy.f2py as f2py
            return f2py
        elif attr == "typing":
            import numpy.typing as typing
            return typing
        elif attr == "rec":
            import numpy.rec as rec
            return rec
        elif attr == "char":
            import numpy.char as char
            return char
        elif attr == "array_api":
            raise AttributeError("`numpy.array_api` is not available from "
                                 "numpy 2.0 onwards", name=None)
        elif attr == "core":
            import numpy.core as core
            return core
        elif attr == "strings":
            import numpy.strings as strings
            return strings
        elif attr == "distutils":
            if 'distutils' in __numpy_submodules__:
                import numpy.distutils as distutils
                return distutils
            else:
                raise AttributeError("`numpy.distutils` is not available from "
                                     "Python 3.12 onwards", name=None)
    
        if attr in __future_scalars__:
            # And future warnings for those that will change, but also give
            # the AttributeError
            warnings.warn(
                f"In the future `np.{attr}` will be defined as the "
                "corresponding NumPy scalar.", FutureWarning, stacklevel=2)
    
        if attr in __former_attrs__:
            raise AttributeError(__former_attrs__[attr], name=None)
    
        if attr in __expired_attributes__:
            raise AttributeError(
                f"`np.{attr}` was removed in the NumPy 2.0 release. "
                f"{__expired_attributes__[attr]}",
                name=None
            )
    
        if attr == "chararray":
            warnings.warn(
                "`np.chararray` is deprecated and will be removed from "
                "the main namespace in the future. Use an array with a string "
                "or bytes dtype instead.", DeprecationWarning, stacklevel=2)
            import numpy.char as char
            return char.chararray
    
>       raise AttributeError(f"module {__name__!r} has no attribute {attr!r}")
E       AttributeError: module 'numpy' has no attribute 'trapz'

..\..\..\anaconda3\envs\permian-econ\Lib\site-packages\numpy\__init__.py:805: AttributeError
________________ TestForecast.test_forecast_stores_parameters _________________

self = <tests.test_decline_curves.TestForecast object at 0x0000016E239A9ED0>

    def test_forecast_stores_parameters(self):
        t, q = synthetic_hyperbolic()
        fitter = DeclineCurveFitter()
>       params = fitter.fit(t, q)
                 ^^^^^^^^^^^^^^^^

tests\test_decline_curves.py:283: 
_ _ _ _ _ _ _ _ _ _ _ _ _ _ _ _ _ _ _ _ _ _ _ _ _ _ _ _ _ _ _ _ _ _ _ _ _ _ _ _
core\decline_curves.py:470: in fit
    eur_p50, reserve_life = calculate_eur(
core\decline_curves.py:213: in calculate_eur
    eur_boe = float(np.trapz(q_arr[valid_mask] * DAYS_PER_MONTH, t_arr[valid_mask]))
                    ^^^^^^^^
_ _ _ _ _ _ _ _ _ _ _ _ _ _ _ _ _ _ _ _ _ _ _ _ _ _ _ _ _ _ _ _ _ _ _ _ _ _ _ _

attr = 'trapz'

    def __getattr__(attr):
        # Warn for expired attributes
        import warnings
    
        if attr == "linalg":
            import numpy.linalg as linalg
            return linalg
        elif attr == "fft":
            import numpy.fft as fft
            return fft
        elif attr == "dtypes":
            import numpy.dtypes as dtypes
            return dtypes
        elif attr == "random":
            import numpy.random as random
            return random
        elif attr == "polynomial":
            import numpy.polynomial as polynomial
            return polynomial
        elif attr == "ma":
            import numpy.ma as ma
            return ma
        elif attr == "ctypeslib":
            import numpy.ctypeslib as ctypeslib
            return ctypeslib
        elif attr == "exceptions":
            import numpy.exceptions as exceptions
            return exceptions
        elif attr == "testing":
            import numpy.testing as testing
            return testing
        elif attr == "matlib":
            import numpy.matlib as matlib
            return matlib
        elif attr == "f2py":
            import numpy.f2py as f2py
            return f2py
        elif attr == "typing":
            import numpy.typing as typing
            return typing
        elif attr == "rec":
            import numpy.rec as rec
            return rec
        elif attr == "char":
            import numpy.char as char
            return char
        elif attr == "array_api":
            raise AttributeError("`numpy.array_api` is not available from "
                                 "numpy 2.0 onwards", name=None)
        elif attr == "core":
            import numpy.core as core
            return core
        elif attr == "strings":
            import numpy.strings as strings
            return strings
        elif attr == "distutils":
            if 'distutils' in __numpy_submodules__:
                import numpy.distutils as distutils
                return distutils
            else:
                raise AttributeError("`numpy.distutils` is not available from "
                                     "Python 3.12 onwards", name=None)
    
        if attr in __future_scalars__:
            # And future warnings for those that will change, but also give
            # the AttributeError
            warnings.warn(
                f"In the future `np.{attr}` will be defined as the "
                "corresponding NumPy scalar.", FutureWarning, stacklevel=2)
    
        if attr in __former_attrs__:
            raise AttributeError(__former_attrs__[attr], name=None)
    
        if attr in __expired_attributes__:
            raise AttributeError(
                f"`np.{attr}` was removed in the NumPy 2.0 release. "
                f"{__expired_attributes__[attr]}",
                name=None
            )
    
        if attr == "chararray":
            warnings.warn(
                "`np.chararray` is deprecated and will be removed from "
                "the main namespace in the future. Use an array with a string "
                "or bytes dtype instead.", DeprecationWarning, stacklevel=2)
            import numpy.char as char
            return char.chararray
    
>       raise AttributeError(f"module {__name__!r} has no attribute {attr!r}")
E       AttributeError: module 'numpy' has no attribute 'trapz'

..\..\..\anaconda3\envs\permian-econ\Lib\site-packages\numpy\__init__.py:805: AttributeError
=========================== short test summary info ===========================
FAILED tests/test_decline_curves.py::TestEURCalculator::test_eur_positive_for_all_types
FAILED tests/test_decline_curves.py::TestEURCalculator::test_modified_hyperbolic_eur_less_than_pure_hyperbolic
FAILED tests/test_decline_curves.py::TestEURCalculator::test_eur_in_realistic_permian_range
FAILED tests/test_decline_curves.py::TestEURCalculator::test_higher_qi_gives_higher_eur
FAILED tests/test_decline_curves.py::TestDeclineCurveFitter::test_recovers_hyperbolic_parameters_within_10_percent
FAILED tests/test_decline_curves.py::TestDeclineCurveFitter::test_auto_mode_returns_valid_result
FAILED tests/test_decline_curves.py::TestDeclineCurveFitter::test_auto_upgrades_high_b_to_modified_hyperbolic
FAILED tests/test_decline_curves.py::TestDeclineCurveFitter::test_eur_positive_and_in_permian_range
FAILED tests/test_decline_curves.py::TestDeclineCurveFitter::test_confidence_interval_brackets_p50
FAILED tests/test_decline_curves.py::TestDeclineCurveFitter::test_well_id_stored_in_output
FAILED tests/test_decline_curves.py::TestForecast::test_forecast_returns_correct_length
FAILED tests/test_decline_curves.py::TestForecast::test_forecast_production_non_negative
FAILED tests/test_decline_curves.py::TestForecast::test_forecast_cumulative_is_monotonically_increasing
FAILED tests/test_decline_curves.py::TestForecast::test_forecast_below_economic_limit_is_zero
FAILED tests/test_decline_curves.py::TestForecast::test_forecast_stores_parameters
======================== 15 failed, 13 passed in 2.35s ========================
C:\Users\ljega\anaconda3\Scripts\conda.exe : ERROR 
conda.cli.main_run:execute(49): `conda run pytest 
tests/test_decline_curves.py -v` failed. (See above for error)
At line:1 char:1
+ C:\Users\ljega\anaconda3\Scripts\conda.exe run 
--no-capture-output -n ...
+ ~~~~~~~~~~~~~~~~~~~~~~~~~~~~~~~~~~~~~~~~~~~~~~~~~~~~~~~~~~~~~
~~~~~~~~
    + CategoryInfo          : NotSpecified: (ERROR conda.cli.. 
   .bove for error):String) [], RemoteException
    + FullyQualifiedErrorId : NativeCommandError
 
